// Jest Snapshot v1, https://goo.gl/fbAQLP

exports[`RenderEditExpensePageTest 1`] = `
<div>
  <h1>
    EditExpensePage
  </h1>
  <ExpenseForm
    expense={
      Object {
        "amount": 4500,
        "createdAt": "1970-01-05T00:00:00.000Z",
        "description": "Credit Card",
        "id": "3",
        "note": "",
      }
    }
    onSubmit={[Function]}
  />
  <button
    onClick={[Function]}
  >
    Remove
  </button>
</div>
`;
