// Jest Snapshot v1, https://goo.gl/fbAQLP

exports[`RenderExpenseListDefaultValues 1`] = `
<div>
  <p>
    No expenses
  </p>
</div>
`;

exports[`RenderExpenseListWithExpenses 1`] = `
<div>
  <ExpenseListItem
    expense={
      Object {
        "amount": 195,
        "createdAt": 0,
        "description": "Gum",
        "id": "1",
        "note": "",
      }
    }
    key="1"
  />
  <ExpenseListItem
    expense={
      Object {
        "amount": 109500,
        "createdAt": "1969-12-28T00:00:00.000Z",
        "description": "Rent",
        "id": "2",
        "note": "",
      }
    }
    key="2"
  />
  <ExpenseListItem
    expense={
      Object {
        "amount": 4500,
        "createdAt": "1970-01-05T00:00:00.000Z",
        "description": "Credit Card",
        "id": "3",
        "note": "",
      }
    }
    key="3"
  />
</div>
`;
